// Jest Snapshot v1, https://goo.gl/fbAQLP

exports[`renders correctly 1`] = `
<View
  style={
    Object {
      "backgroundColor": "#fff",
      "flex": 1,
    }
  }
>
  <View
    style={
      Array [
        Object {
          "backgroundColor": "#476DC5",
          "borderBottomColor": "#f2f2f2",
          "borderBottomWidth": 1,
          "height": 70,
          "padding": 15,
        },
        Object {
          "backgroundColor": "purple",
        },
        undefined,
      ]
    }
  >
    <View
      style={
        Array [
          Object {
            "alignItems": "flex-end",
            "flex": 1,
            "flexDirection": "row",
            "justifyContent": "space-between",
          },
          undefined,
        ]
      }
    >
      <View
        style={
          Object {
            "height": 24,
            "width": 24,
          }
        }
      />
      <Text
        numberOfLines={1}
        style={
          Array [
            Object {},
            undefined,
            undefined,
            undefined,
            undefined,
            undefined,
            undefined,
            undefined,
            undefined,
            undefined,
            Object {
              "color": "#fff",
              "fontSize": 20,
            },
          ]
        }
      >
        Playrolls
      </Text>
      <View>
        <View
          style={
            Array [
              false,
              false,
              false,
              Object {
                "alignItems": "center",
                "backgroundColor": "transparent",
                "justifyContent": "center",
              },
              undefined,
            ]
          }
          underlayColor="purple"
        >
          <Text
            allowFontScaling={false}
            style={
              Array [
                Object {
                  "color": "grey",
                  "fontSize": 24,
                },
                Array [
                  Object {
                    "backgroundColor": "transparent",
                  },
                  undefined,
                ],
                Object {
                  "fontFamily": "Material Icons",
                  "fontStyle": "normal",
                  "fontWeight": "normal",
                },
                Object {},
              ]
            }
          >
            î……
          </Text>
        </View>
      </View>
    </View>
  </View>
  <View
    style={
      Object {
        "flex": 1,
      }
    }
  />
</View>
`;
