// Jest Snapshot v1, https://goo.gl/fbAQLP

exports[`renders correctly 1`] = `
<RCTSafeAreaView
  emulateUnlessSupported={true}
  style={
    Object {
      "backgroundColor": "#fff",
      "flex": 1,
    }
  }
>
  <View
    style={
      Object {
        "backgroundColor": "white",
        "flex": 2,
      }
    }
  >
    <Text>
      SignUpScreen
    </Text>
    <TextInput
      allowFontScaling={true}
      autoCapitalize="none"
      onChangeText={[Function]}
      placeholder="Username"
      style={
        Object {
          "borderColor": "gray",
          "borderWidth": 1,
          "height": 40,
        }
      }
      underlineColorAndroid="transparent"
      value=""
    />
    <View
      style={
        Object {
          "alignItems": "center",
          "flexDirection": "row",
          "justifyContent": "center",
        }
      }
    >
      <TextInput
        allowFontScaling={true}
        autoCapitalize="none"
        onChangeText={[Function]}
        placeholder="Password"
        secureTextEntry={true}
        style={
          Object {
            "borderColor": "gray",
            "borderWidth": 1,
            "flex": 4,
            "height": 40,
          }
        }
        underlineColorAndroid="transparent"
        value=""
      />
      <RCTSwitch
        onChange={[Function]}
        onResponderTerminationRequest={[Function]}
        onStartShouldSetResponder={[Function]}
        style={
          Object {
            "height": 31,
            "width": 51,
          }
        }
        value={false}
      />
    </View>
    <TextInput
      allowFontScaling={true}
      autoCapitalize="none"
      onChangeText={[Function]}
      placeholder="Email"
      style={
        Object {
          "borderColor": "black",
          "borderWidth": 1,
          "height": 40,
        }
      }
      underlineColorAndroid="transparent"
      value=""
    />
    <TextInput
      allowFontScaling={true}
      autoCapitalize="none"
      onChangeText={[Function]}
      placeholder="Avatar link"
      style={
        Object {
          "borderColor": "black",
          "borderWidth": 1,
          "height": 40,
        }
      }
      underlineColorAndroid="transparent"
      value="https://upload.wikimedia.org/wikipedia/commons/thumb/1/12/User_icon_2.svg/440px-User_icon_2.svg.png"
    />
    <View
      accessibilityRole="button"
      accessibilityStates={Array []}
      accessible={true}
      isTVSelectable={true}
      onResponderGrant={[Function]}
      onResponderMove={[Function]}
      onResponderRelease={[Function]}
      onResponderTerminate={[Function]}
      onResponderTerminationRequest={[Function]}
      onStartShouldSetResponder={[Function]}
      style={
        Object {
          "opacity": 1,
        }
      }
    >
      <View
        style={
          Array [
            Object {},
          ]
        }
      >
        <Text
          style={
            Array [
              Object {
                "color": "#007AFF",
                "fontSize": 18,
                "padding": 8,
                "textAlign": "center",
              },
            ]
          }
        >
          Sign Up
        </Text>
      </View>
    </View>
    <TextInput
      allowFontScaling={true}
      autoCapitalize="none"
      onChangeText={[Function]}
      placeholder="Username"
      style={
        Object {
          "borderColor": "black",
          "borderWidth": 1,
          "height": 40,
        }
      }
      underlineColorAndroid="transparent"
      value=""
    />
    <TextInput
      allowFontScaling={true}
      autoCapitalize="none"
      onChangeText={[Function]}
      placeholder="Code"
      style={
        Object {
          "borderColor": "black",
          "borderWidth": 1,
          "height": 40,
        }
      }
      underlineColorAndroid="transparent"
      value=""
    />
    <View
      accessibilityRole="button"
      accessibilityStates={Array []}
      accessible={true}
      isTVSelectable={true}
      onResponderGrant={[Function]}
      onResponderMove={[Function]}
      onResponderRelease={[Function]}
      onResponderTerminate={[Function]}
      onResponderTerminationRequest={[Function]}
      onStartShouldSetResponder={[Function]}
      style={
        Object {
          "opacity": 1,
        }
      }
    >
      <View
        style={
          Array [
            Object {},
          ]
        }
      >
        <Text
          style={
            Array [
              Object {
                "color": "#007AFF",
                "fontSize": 18,
                "padding": 8,
                "textAlign": "center",
              },
            ]
          }
        >
          Confirm Sign Up
        </Text>
      </View>
    </View>
  </View>
</RCTSafeAreaView>
`;
