// Jest Snapshot v1, https://goo.gl/fbAQLP

exports[`renders correctly 1`] = `
<View
  style={
    Array [
      Object {},
      Object {
        "alignItems": "center",
        "backgroundColor": "#F5FCFF",
        "flex": 1,
        "justifyContent": "center",
      },
    ]
  }
>
  <Text
    style={
      Array [
        Object {
          "color": "#000",
          "fontFamily": "System",
          "fontSize": 16,
        },
        Object {
          "fontSize": 20,
          "margin": 10,
          "textAlign": "center",
        },
      ]
    }
    uppercase={false}
  >
     Welcome to React Native! 
  </Text>
  <Text
    style={
      Array [
        Object {
          "color": "#000",
          "fontFamily": "System",
          "fontSize": 16,
        },
        Object {
          "color": "#333333",
          "marginBottom": 5,
          "textAlign": "center",
        },
      ]
    }
    uppercase={false}
  >
     To get started, edit App.tsx 
  </Text>
  <Text
    style={
      Array [
        Object {
          "color": "#000",
          "fontFamily": "System",
          "fontSize": 16,
        },
        Object {
          "color": "#333333",
          "marginBottom": 5,
          "textAlign": "center",
        },
      ]
    }
    uppercase={false}
  >
     
    Press Cmd+R to reload,
Cmd+D or shake for dev menu
     
  </Text>
</View>
`;
