// Jest Snapshot v1, https://goo.gl/fbAQLP

exports[`renders correctly 1`] = `
<RCTSafeAreaView>
  <Text>
    ManageDiscoveryQueueScreen
  </Text>
</RCTSafeAreaView>
`;
